Generate Time:       0.00043
Build Time:          0.00039
Graph has 1024 nodes and 16125 undirected edges for degree: 15
Average Time:        -nan
