Read Time:           0.04505
Build Time:          0.00003
Graph has 14 nodes and 53 directed edges for degree: 3
Average Time:        -nan
