Read Time:           0.00026
Build Time:          0.00002
Graph has 14 nodes and 53 directed edges for degree: 3
Average Time:        -nan
