Generate Time:       0.00161
Build Time:          0.00039
Graph has 1024 nodes and 10496 undirected edges for degree: 10
Trial Time:          0.00254
Verification:           PASS
Verification Time:   0.00004
Average Time:        0.00254
