Generate Time:       0.00160
Build Time:          0.00040
Graph has 1024 nodes and 10496 undirected edges for degree: 10
Trial Time:          0.00006
Verification:           PASS
Verification Time:   0.00005
Average Time:        0.00006
