Generate Time:       0.00163
Build Time:          0.00040
Graph has 1024 nodes and 10496 undirected edges for degree: 10
Trial Time:          0.00029
Verification:           PASS
Verification Time:   0.00015
Average Time:        0.00029
