Generate Time:       0.00158
Build Time:          0.00040
Graph has 1024 nodes and 10496 undirected edges for degree: 10
Trial Time:          0.00022
Total Error:         0.00001
Verification:           PASS
Verification Time:   0.00002
Average Time:        0.00022
