Generate Time:       0.00163
Build Time:          0.00040
Graph has 1024 nodes and 10496 undirected edges for degree: 10
Shiloach-Vishkin took 3 iterations
Trial Time:          0.00004
Verification:           PASS
Verification Time:   0.00005
Average Time:        0.00004
