Generate Time:       0.00159
Build Time:          0.00040
Graph has 1024 nodes and 10496 undirected edges for degree: 10
Relabel:             0.00017
Trial Time:          0.00054
Verification:           PASS
Verification Time:   0.01029
Average Time:        0.00054
