Generate Time:       0.00162
Build Time:          0.00039
Graph has 1024 nodes and 10496 undirected edges for degree: 10
Trial Time:          0.00034
Total Error:         0.00003
Verification:           PASS
Verification Time:   0.00002
Average Time:        0.00034
